// Vitest Snapshot v1, https://vitest.dev/guide/snapshot.html

exports[`Flyout Component > should match snapshot when visible 1`] = `
<div>
  <div
    class="_flyout_efb89e"
  >
    <span>
      2
       items selected
    </span>
    <div
      class="_flexRow_efb89e"
    >
      <button>
        UnselectÂ all
      </button>
      <button
        class="_buttonDownload_efb89e"
      >
        Download
      </button>
    </div>
  </div>
</div>
`;
